// Jest Snapshot v1, https://goo.gl/fbAQLP

exports[`MessageInputBar renders message input bar 1`] = `
<DocumentFragment>
  <div
    class="flex"
  >
    <div
      class="flex-1 flex p-2"
    >
      <input
        class="flex-1 text-xl pl-4 pr-4 pt-2 pb-2 border-0 rounded-xl bg-white"
        placeholder="Type a message..."
        type="text"
      />
    </div>
    <div
      class="flex flex-col justify-center pr-4 md:pr-6 pl-2 md:pl-4 cursor-pointer"
    >
      <svg
        aria-hidden="true"
        class="MuiSvgIcon-root MuiSvgIcon-fontSizeMedium css-1umw9bq-MuiSvgIcon-root"
        data-testid="SendIcon"
        focusable="false"
        viewBox="0 0 24 24"
      >
        <path
          d="M2.01 21 23 12 2.01 3 2 10l15 2-15 2z"
        />
      </svg>
    </div>
  </div>
</DocumentFragment>
`;
